# Program:featureCounts v1.6.1; Command:"featureCounts" "-T" "8" "-t" "exon" "-g" "gene_id" "-a" "plugins/FeatureCounts/example///hum37_2_1M.gtf" "-o" "plugins/FeatureCounts/example//gene_counts.txt" "plugins/FeatureCounts/example///ex1.bam" 
Geneid	Chr	Start	End	Strand	Length	plugins/FeatureCounts/example///ex1.bam
uc010yim.1	chr2;chr2	41609;45440	41627;46385	-;-	965	0
uc002qvu.2	chr2;chr2;chr2;chr2;chr2;chr2;chr2;chr2	218138;224864;229966;231023;233101;234160;247538;249731	219001;224920;230044;231191;233229;234272;247602;249852	-;-;-;-;-;-;-;-	1598	0
uc002qvv.2	chr2;chr2;chr2;chr2;chr2;chr2;chr2;chr2;chr2;chr2;chr2;chr2	218138;224864;229966;231023;233101;234160;242798;243503;247538;249731;253005;256207	219001;224920;230044;231191;233229;234272;242871;243562;247602;249844;253115;256690	-;-;-;-;-;-;-;-;-;-;-;-	2319	0
uc002qvw.2	chr2;chr2;chr2;chr2;chr2;chr2;chr2;chr2;chr2;chr2;chr2	218138;229966;230547;233101;234160;242798;243503;247538;249731;253005;260085	219001;230044;231191;233229;234272;242871;243562;247602;249844;253115;260702	-;-;-;-;-;-;-;-;-;-;-	2872	0
uc002qvx.2	chr2;chr2;chr2;chr2;chr2;chr2;chr2;chr2;chr2;chr2	218138;224864;229966;231023;233101;234160;247538;249731;253005;263984	219001;224920;230044;231191;233229;234272;247602;249844;253115;264068	-;-;-;-;-;-;-;-;-;-	1786	0
uc002qvy.2	chr2;chr2;chr2;chr2;chr2;chr2;chr2;chr2;chr2	218138;229966;231023;233101;234160;247538;249731;253005;263984	219001;230044;231191;233229;234272;247602;249844;253115;264068	-;-;-;-;-;-;-;-;-	1729	0
uc002qvz.2	chr2;chr2;chr2;chr2;chr2;chr2;chr2;chr2;chr2;chr2	218138;224868;229966;231023;233101;234160;247538;249731;253005;264084	219001;224920;230044;231191;233229;234272;247602;249844;253115;264392	-;-;-;-;-;-;-;-;-;-	2006	0
uc002qwa.2	chr2;chr2;chr2;chr2;chr2;chr2;chr2;chr2;chr2;chr2;chr2;chr2	218138;224864;229966;231023;233101;234160;247538;249731;253005;260085;262201;264703	219001;224920;230044;231191;233229;234272;247602;249844;253115;261130;262786;264743	-;-;-;-;-;-;-;-;-;-;-;-	3374	0
uc010ewe.2	chr2;chr2;chr2;chr2;chr2;chr2;chr2;chr2;chr2;chr2;chr2	218138;229966;231023;233101;234160;242798;243503;247538;249731;253005;264782	219001;230044;231191;233229;234272;242871;243562;247602;249844;253115;264810	-;-;-;-;-;-;-;-;-;-;-	1807	0
uc002qwb.2	chr2	239563	242178	-	2616	0
uc002qwc.1	chr2;chr2;chr2;chr2;chr2;chr2	243503;247538;249731;253005;260085;262631	243562;247602;249844;253115;260702;262786	-;-;-;-;-;-	1124	0
uc002qwd.2	chr2;chr2;chr2	264869;271866;272037	265007;271939;272481	+;+;+	658	0
uc002qwe.3	chr2;chr2;chr2;chr2	264869;271866;272037;272192	265007;271939;272065;273148	+;+;+;+	1199	0
uc002qwg.2	chr2;chr2;chr2;chr2;chr2;chr2	264869;271866;272192;275140;276980;277227	265007;271939;272305;275201;277085;278280	+;+;+;+;+;+	1549	0
uc002qwh.2	chr2;chr2;chr2;chr2;chr2;chr2;chr2	264869;271866;272037;272192;275140;276980;277227	265007;271939;272065;272305;275201;277085;278280	+;+;+;+;+;+;+	1578	0
uc002qwf.2	chr2;chr2;chr2;chr2;chr2;chr2	264869;271866;272037;275140;276980;277227	265007;271939;272150;275201;277085;278280	+;+;+;+;+;+	1549	0
uc002qwi.3	chr2;chr2;chr2;chr2;chr2;chr2	279563;283111;286123;286290;287583;288013	280152;283175;286203;286343;287892;288308	-;-;-;-;-;-	1396	0
uc010ewf.1	chr2;chr2;chr2;chr2;chr2	279929;283111;286123;286290;287583	280149;283175;286203;286343;287892	-;-;-;-;-	731	0
uc002qwk.2	chr2;chr2;chr2;chr2;chr2	667975;669757;672808;675510;675758	669675;669850;672862;675630;676158	-;-;-;-;-	2372	0
uc002qwl.2	chr2;chr2;chr2;chr2;chr2	667975;669757;672808;675510;677289	669675;669850;672862;675630;677439	-;-;-;-;-	2122	0
uc002qwm.1	chr2;chr2;chr2	677186;680044;681256	677473;680151;682802	+;+;+	1943	0
uc002qwn.1	chr2;chr2;chr2;chr2	780347;806037;849658;863804	780588;806257;849896;863877	-;-;-;-	776	0
uc002qwo.1	chr2;chr2;chr2	780347;806037;863804	780588;806257;863877	-;-;-	537	0
uc010ewg.2	chr2;chr2	902783;905324	904587;905582	-;-	2064	0
uc010ewh.1	chr2	902823	906011	-	3189	0
uc002qwp.2	chr2;chr2;chr2;chr2;chr2;chr2;chr2;chr2	946555;1079204;1093882;1094039;1099091;1133308;1133454;1156118	946754;1079341;1093938;1094096;1099128;1133351;1133495;1157355	+;+;+;+;+;+;+;+	1815	0
uc002qwq.2	chr2;chr2;chr2;chr2;chr2;chr2;chr2;chr2;chr2;chr2;chr2;chr2;chr2;chr2;chr2;chr2;chr2	946555;1079204;1093882;1094039;1133308;1133454;1161234;1168778;1204789;1241660;1243510;1251099;1263142;1271137;1312266;1320037;1371115	946754;1079341;1093938;1094096;1133351;1133495;1161321;1168869;1204916;1241789;1243548;1251215;1263213;1271343;1312358;1320147;1371382	+;+;+;+;+;+;+;+;+;+;+;+;+;+;+;+;+	1884	0
uc010ewi.2	chr2;chr2;chr2;chr2;chr2;chr2;chr2;chr2;chr2;chr2;chr2	946555;1079204;1204789;1241660;1243510;1251099;1263142;1271137;1312266;1320037;1371115	946754;1079341;1204916;1241789;1243548;1251215;1263213;1271343;1312358;1320147;1371382	+;+;+;+;+;+;+;+;+;+;+	1503	0
